// 重构日志: 18b85cfb
// 重构日志: 9a55d77b
// 同步 ID: 92410e3c @ Sat Jul 11 06:50:27 UTC 2026
// 同步 ID: 011e1629 @ Sat Jul 11 09:11:15 UTC 2026
// 同步 ID: 19965fe0 @ Sun Jul 12 11:57:25 UTC 2026
// 重构日志: 41e6fc5f
// 重构日志: 1a998bd5
// 同步 ID: 21ceb26c @ Mon Jul 13 00:38:27 UTC 2026
// 同步 ID: f758c57b @ Tue Jul 14 19:04:53 UTC 2026
// 重构日志: eb36694c
// 同步 ID: a1c49d7a @ Thu Jul 16 04:08:48 UTC 2026
// 同步 ID: 609ba3d2 @ Thu Jul 16 06:50:46 UTC 2026
// 重构日志: 0aa4e291
// 重构日志: 0083275e
// 重构日志: 6753466f
// 同步 ID: 292f0f0f @ Fri Jul 17 07:51:41 UTC 2026
// 重构日志: fc98c9df
// 重构日志: eb7097f8
// 同步 ID: ee88cef5 @ Tue Jul 21 17:20:20 UTC 2026
// 重构日志: 4f82f556
// 重构日志: 566d3642
// 重构日志: b90c61b0
// 重构日志: 8c779602
// 重构日志: 31330454
// 重构日志: 6b536f56
// 重构日志: e551715c
// 重构日志: 2a576514
// 同步 ID: 11d304ba @ Sun Jul 26 15:32:37 UTC 2026
// 重构日志: 9dbff52a
// 同步 ID: c90c2c15 @ Mon Jul 27 13:24:30 UTC 2026
// 重构日志: 7d24cf6c
// 重构日志: 1ae1b45c
